NTVDMEX clean host
STAGE0: WinMain entered [build dpmi-harness-v180]
STAGE0: qi_bits=0x00000000 qi_raise=0x00000000 qi_vif=0x00000000 qi_susp=0x00000001 hcpu=0x00000048
STAGE1: v86_init NTSTATUS=0x00000000
STAGE1: ems_frame lin=0x000e0000 seg=0x0000e000
STAGE1: program C:\DOOMS\
STAGE2: target.txt loaded 0x00080000 from C:\DOOMS\DOOM.EXE
STAGE0: null IVT vectors -> IRET stub: 0x60-0x66 0x78-0xf5
HEADLESS: cap=0x000927c0 ms
STAGE2: running .EXE (entry 0x000002cd:0x00002372)...
GH#18 vdmstate io-reflect: [0x714]=0xc0003232 EFL=0x00020202 CS:IP=0x000002cd:0x00002372
GH#18 vdmstate bop: [0x714]=0xc0003230 EFL=0x00030002 CS:IP=0x00000050:0x00000034
GH#18 vdmstate bop: [0x714]=0xc0003030 EFL=0x00030013 CS:IP=0x00000050:0x00000000
  INT21 AH=4A resize seg=0x00000100 -> 0x00000f1c
GH#18 vdmstate bop: [0x714]=0xc0003030 EFL=0x00030046 CS:IP=0x00000050:0x00000000
GH#18 vdmstate bop: [0x714]=0xc0003030 EFL=0x00030046 CS:IP=0x00000050:0x00000000
  INT21 AH=44 ioctl AL=0x00000000 BX=0x00000004
GH#18 vdmstate bop: [0x714]=0xc0003030 EFL=0x00030006 CS:IP=0x00000050:0x00000000
  INT21 AH=44 ioctl AL=0x00000000 BX=0x00000003
GH#18 vdmstate bop: [0x714]=0xc0003030 EFL=0x00030002 CS:IP=0x00000050:0x00000000
  INT21 AH=44 ioctl AL=0x00000000 BX=0x00000002
  INT21 AH=44 ioctl AL=0x00000000 BX=0x00000001
  INT21 AH=44 ioctl AL=0x00000000 BX=0x00000000
  INT21 AH=0x0000003d [C:\DOOMS\DOOM.EXE] -> AX=0x00000005
  INT21 AH=0x0000003d [C:\DOOMS\DOOM.ETX] -> AX=0x00000002 (err)
STAGE2: BOP2F ax=0x00001687
STAGE2: DPMI 1687 -> AX=0 ES:DI=0x00000050:0x00000050 (guest must far-call this)
  INT21 AH=4A resize seg=0x00000100 -> 0x00000f97
  INT21 AH=4A resize seg=0x00000100 -> 0x00001198
  INT21 AH=4A resize seg=0x00000100 -> 0x00001219
  INT21 AH=48 alloc 0x00000200 -> seg=0x0000131a
  INT21 AH=48 alloc 0x00000000 -> seg=0x0000151b
STAGE2: BOP2F ax=0x00001600
STAGE3: DPMI_BOP far-call LANDED @ 0x00000050:0x00000050 -- switching to PM (32-bit client)
 [svc11=0x00000000 svc10=0x00000000] retcs=0x000005ca clo=0x5ca0ffff chi=0x0040fa00 segbase C=0x00005ca0 D=0x00005ca0 S=0x00001100 -> PM ok (CS=0x0000000f:0x00006e6a) -> DPMI PM loop
HB 0x00000000 cs:ip=0x0000000f:0x00006e6a efl=0x00000202 state=0xc0003230 io=0x00000000 irq0=0x00000001 irqn=0x00000000 intpend=0x00000001 sb{mode=0x00000000 left=0x00000000 len=0x00000001 blocks=0x00000000 rate=0x00005622} mixed=0x00000c00
DPMI: patched 00000076 INT sites -> BOP (full 64K scan, last off 0x0000d29c)
DPMI: PM-fault reflect stkSel=0x0000002f codeSel=0x00000027 bop@code:0x00000080 tbl@0x0f04dfc0 class=00000006
GH#18: [0x714]=0xc0003230 bit3=00000000 bit4=00000001 bit14=00000000 tib8=0x00000000
